
> openagua@0.1.0 build
> next build

Ôû▓ Next.js 16.1.6 (Turbopack)

  Creating an optimized production build ...
Ô£ô Compiled successfully in 2.3s
  Running TypeScript ...
  Collecting page data using 15 workers ...
  Generating static pages using 15 workers (0/28) ...
  Generating static pages using 15 workers (7/28) 
  Generating static pages using 15 workers (14/28) 
  Generating static pages using 15 workers (21/28) 
Ô£ô Generating static pages using 15 workers (28/28) in 898.6ms
  Finalizing page optimization ...

Route (app)
Ôöî Ôùï /
Ôö£ Ôùï /_not-found
Ôö£ ÔùÅ /[slug]
Ôöé Ôö£ /destapaciones-cloacas
Ôöé Ôö£ /destapaciones-canerias
Ôöé Ôö£ /destapaciones-pluviales
Ôöé Ôöö [+5 more paths]
Ôö£ Ôùï /blog
Ôö£ ÔùÅ /blog/[slug]
Ôöé Ôö£ /blog/como-detectar-obstruccion-cloaca
Ôöé Ôö£ /blog/sonda-vs-hidrojet-diferencias
Ôöé Ôö£ /blog/mantenimiento-preventivo-consorcios
Ôöé Ôöö [+7 more paths]
Ôö£ Ôùï /sitemap.xml
Ôöö ÔùÅ /zonas/[slug]
  Ôö£ /zonas/caba
  Ôö£ /zonas/zona-norte
  Ôö£ /zonas/zona-oeste
  Ôöö /zonas/zona-sur


Ôùï  (Static)  prerendered as static content
ÔùÅ  (SSG)     prerendered as static HTML (uses generateStaticParams)

